2024-02-17T03:46:04.564Z 7 204 255  65379 Seatalk: Pilot Mode:  Manufacturer Code = Raymarine (bytes = "3B 07", bits = "10100111011"); Industry Code = Marine Industry (bytes = "80", bits = "100"); Pilot Mode = Auto, compass commanded (bytes = "40 00"); Sub Mode = 00 00 (bytes = "00 00"); Pilot Mode Data = 02 (bytes = "02")
2024-02-17T03:46:04.576Z 3   0 204 126208 NMEA - Command group function:  Function Code = Command (bytes = "01"); PGN = 65379 (bytes = "63 FF 00"); Priority = Leave unchanged (bytes = "08", bits = "1000"); Number of Parameters = 4 (bytes = "04"); Parameter 1 = 1 (bytes = "01"); Value 1 = Raymarine (bytes = "3B 07", bits = "10100111011"); Parameter 2 = 3 (bytes = "03"); Value 2 = Marine Industry (bytes = "04", bits = "100"); Parameter 3 = 4 (bytes = "04"); Value 3 = Standby (bytes = "00 00"); Parameter 4 = 5 (bytes = "05"); Value 4 = FF FF (bytes = "FF FF")
2024-02-17T03:46:04.576Z 3 204   0 126208 NMEA - Acknowledge group function:  Function Code = Acknowledge (bytes = "02"); PGN = 65379 (bytes = "63 FF 00"); PGN error code = Acknowledge (bytes = "00", bits = "0000"); Transmission interval/Priority error code = Acknowledge (bytes = "00", bits = "0000"); Number of Parameters = 4 (bytes = "04"); Parameter 1 = Acknowledge (bytes = "00", bits = "0000"); Parameter 2 = Acknowledge (bytes = "00", bits = "0000"); Parameter 3 = Acknowledge (bytes = "00", bits = "0000"); Parameter 4 = Acknowledge (bytes = "00", bits = "0000")
2024-02-17T03:46:04.576Z 7 204 255  65379 Seatalk: Pilot Mode:  Manufacturer Code = Raymarine (bytes = "3B 07", bits = "10100111011"); Industry Code = Marine Industry (bytes = "80", bits = "100"); Pilot Mode = Standby (bytes = "00 00"); Sub Mode = 00 00 (bytes = "00 00"); Pilot Mode Data = 02 (bytes = "02")
2024-02-17T03:46:04.576Z 3   0 204 126208 NMEA - Command group function:  Function Code = Command (bytes = "01"); PGN = 65379 (bytes = "63 FF 00"); Priority = Leave unchanged (bytes = "08", bits = "1000"); Number of Parameters = 4 (bytes = "04"); Parameter 1 = 1 (bytes = "01"); Value 1 = Raymarine (bytes = "3B 07", bits = "10100111011"); Parameter 2 = 3 (bytes = "03"); Value 2 = Marine Industry (bytes = "04", bits = "100"); Parameter 3 = 4 (bytes = "04"); Value 3 = Auto, compass commanded (bytes = "40 00"); Parameter 4 = 5 (bytes = "05"); Value 4 = FF FF (bytes = "FF FF")
2024-02-17T03:46:04.576Z 3 204   0 126208 NMEA - Acknowledge group function:  Function Code = Acknowledge (bytes = "02"); PGN = 65379 (bytes = "63 FF 00"); PGN error code = Acknowledge (bytes = "00", bits = "0000"); Transmission interval/Priority error code = Acknowledge (bytes = "00", bits = "0000"); Number of Parameters = 4 (bytes = "04"); Parameter 1 = Acknowledge (bytes = "00", bits = "0000"); Parameter 2 = Acknowledge (bytes = "00", bits = "0000"); Parameter 3 = Acknowledge (bytes = "00", bits = "0000"); Parameter 4 = Acknowledge (bytes = "00", bits = "0000")
2024-02-17T03:46:04.576Z 7 204 255  65379 Seatalk: Pilot Mode:  Manufacturer Code = Raymarine (bytes = "3B 07", bits = "10100111011"); Industry Code = Marine Industry (bytes = "80", bits = "100"); Pilot Mode = Auto, compass commanded (bytes = "40 00"); Sub Mode = 00 00 (bytes = "00 00"); Pilot Mode Data = 02 (bytes = "02")
