2022-09-28-11:36:59.668 5  35 255 130311 Environmental Parameters:  SID = 197 (bytes = "C5"); Temperature Source = Sea Temperature (bytes = "00", bits = "000000"); Humidity Source = Unknown (bytes = "C0", bits = "11"); Temperature = 8.73 C (bytes = "1C 6E"); Humidity = 131.068 % (bytes = "FF 7F"); Atmospheric Pressure = Unknown (bytes = "FF FF")
2022-09-28-11:36:59.668 3   0 255 129029 GNSS Position Data:  SID = 231 (bytes = "E7"); Date = 2013.03.01 (bytes = "95 3D"); Time = 19:29:52 (bytes = "00 73 D6 29"); Latitude = 42.4967684 (bytes = "00 DA 04 73 DB C9 E5 05"); Longitude = -71.5836637 (bytes = "80 7D 02 28 5F D6 10 F6"); Altitude = 90.984603 m (bytes = "9B 50 6C 05 00 00 00 00"); GNSS type = GPS+SBAS/WAAS (bytes = "03", bits = "0011"); Method = GNSS fix (bytes = "10", bits = "0001"); Integrity = No integrity checking (bytes = "00", bits = "00"); Number of SVs = 8 (bytes = "08"); HDOP = 1.11 (bytes = "6F 00"); PDOP = 1.90 (bytes = "BE 00"); Geoidal Separation = -33.63 m (bytes = "DD F2 FF FF"); Reference Stations = 0 (bytes = "00"); Reference Station Type 1 = Unknown (bytes = "0F", bits = "1111"); Reference Station ID = Unknown (bytes = "F0 FF", bits = "111111111111"); Age of DGNSS Corrections = Unknown (bytes = "FF FF")
2022-09-28-11:36:59.668 3   0 255 129029 GNSS Position Data:  SID = 231 (bytes = "E7"); Date = 2013.03.01 (bytes = "95 3D"); Time = 19:29:52 (bytes = "00 73 D6 29"); Latitude = 42.4967684 (bytes = "00 DA 04 73 DB C9 E5 05"); Longitude = -71.5836637 (bytes = "80 7D 02 28 5F D6 10 F6"); Altitude = 90.984603 m (bytes = "9B 50 6C 05 00 00 00 00"); GNSS type = GPS+SBAS/WAAS (bytes = "03", bits = "0011"); Method = GNSS fix (bytes = "10", bits = "0001"); Integrity = No integrity checking (bytes = "00", bits = "00"); Number of SVs = 8 (bytes = "08"); HDOP = 1.11 (bytes = "6F 00"); PDOP = 1.90 (bytes = "BE 00"); Geoidal Separation = -33.63 m (bytes = "DD F2 FF FF"); Reference Stations = 0 (bytes = "00"); Reference Station Type 1 = Unknown (bytes = "0F", bits = "1111"); Reference Station ID = Unknown (bytes = "F0 FF", bits = "111111111111"); Age of DGNSS Corrections = Unknown (bytes = "FF FF")
2022-09-28-11:36:59.669 7   0 255 126720 0x1F000-0x1FEFF: Standardized mixed single/fast packet non-addressed:  Data = E5 98 17 00 04 04 BF A0 1B 41 5E 14 7F 41 4C 67 95 41 4C 67 95 41 4C 67 95 41 0A D7 A3 3C CD CC CC 3D 0A D7 A3 3C CD CC CC 3D A4 17 8E 3F E6 E1 C5 3F 23 9D F3 3F 00 00 80 3F 2B 34 84 3E (bytes = "E5 98 17 00 04 04 BF A0 1B 41 5E 14 7F 41 4C 67 95 41 4C 67 95 41 4C 67 95 41 0A D7 A3 3C CD CC CC 3D 0A D7 A3 3C CD CC CC 3D A4 17 8E 3F E6 E1 C5 3F 23 9D F3 3F 00 00 80 3F 2B 34 84 3E")
2022-09-28-11:36:59.668 3   0 255 129029 GNSS Position Data:  SID = 231 (bytes = "E7"); Date = 2013.03.01 (bytes = "95 3D"); Time = 19:29:52 (bytes = "00 73 D6 29"); Latitude = 42.4967684 (bytes = "00 DA 04 73 DB C9 E5 05"); Longitude = -71.5836637 (bytes = "80 7D 02 28 5F D6 10 F6"); Altitude = 90.984603 m (bytes = "9B 50 6C 05 00 00 00 00"); GNSS type = GPS+SBAS/WAAS (bytes = "03", bits = "0011"); Method = GNSS fix (bytes = "10", bits = "0001"); Integrity = No integrity checking (bytes = "00", bits = "00"); Number of SVs = 8 (bytes = "08"); HDOP = 1.11 (bytes = "6F 00"); PDOP = 1.90 (bytes = "BE 00"); Geoidal Separation = -33.63 m (bytes = "DD F2 FF FF"); Reference Stations = 0 (bytes = "00"); Reference Station Type 1 = Unknown (bytes = "0F", bits = "1111"); Reference Station ID = Unknown (bytes = "F0 FF", bits = "111111111111"); Age of DGNSS Corrections = Unknown (bytes = "FF FF")
2022-09-28-11:36:59.668 3   0 255 129029 GNSS Position Data:  SID = 231 (bytes = "E7"); Date = 2013.03.01 (bytes = "95 3D"); Time = 19:29:52 (bytes = "00 73 D6 29"); Latitude = 42.4967684 (bytes = "00 DA 04 73 DB C9 E5 05"); Longitude = -71.5836637 (bytes = "80 7D 02 28 5F D6 10 F6"); Altitude = 90.984603 m (bytes = "9B 50 6C 05 00 00 00 00"); GNSS type = GPS+SBAS/WAAS (bytes = "03", bits = "0011"); Method = GNSS fix (bytes = "10", bits = "0001"); Integrity = No integrity checking (bytes = "00", bits = "00"); Number of SVs = 8 (bytes = "08"); HDOP = 1.11 (bytes = "6F 00"); PDOP = 1.90 (bytes = "BE 00"); Geoidal Separation = -33.63 m (bytes = "DD F2 FF FF"); Reference Stations = 0 (bytes = "00"); Reference Station Type 1 = Unknown (bytes = "0F", bits = "1111"); Reference Station ID = Unknown (bytes = "F0 FF", bits = "111111111111"); Age of DGNSS Corrections = Unknown (bytes = "FF FF")
