!AIVDM,2,1,1,B,53b`VP42<SgQ0<Q4001Dg7CN0lu8LDq=@E80000N40:44t0Ht<1RDj2CQp1l,0*17
!AIVDM,2,2,1,B,SmCQ4h00000,2*56
!AIVDM,2,1,2,B,533gu4400000u0PD001c7SN0M8TE@`D00000000N1h:2540Ht8h000000000,0*68
!AIVDM,2,2,2,B,00000000000,2*25
!AIVDM,2,1,3,B,53aKVPD000010?;7W80I84q>20Pu8aE<000000153H561t0Ht0TSkQ2QH6QB,0*2D
!AIVDM,2,2,3,B,C1CP0000000,2*45
!AIVDM,2,1,4,A,53`fJMD000010C;K?013SD00000000000000001S1`<23t0Ht00000000000,0*3C
!AIVDM,2,2,4,A,00000000000,2*20
!AIVDM,2,1,5,A,53`e9kH2Eaea0;WSGL1LThhDn0858DqA=`00000t2`i9840Ht051DThj1C32,0*23
!AIVDM,2,2,5,A,CQh00000000,2*6B
!AIVDM,2,1,6,B,53aFgJ4000010;GWKH1aL59@F1H4hd000000006j2p515t0Ht0C@BjmC@000,0*44
!AIVDM,2,2,6,B,00000000000,2*21
!AIVDM,1,1,,B,13aKVPHP000HjPBNK?Jh0?wj0000,0*19
!AIVDM,1,1,,B,B39jDJ000@6;G?WUdCuR;wtUj006,0*3F
!AIVDM,1,1,,B,H3aN1EALUA@F1844H00000000000,0*6B
!AIVDM,1,1,,A,H39jmuTUCBD5ASe44ommp01@331000000,0*7F
!AIVDM,1,1,,A,33`e9k@uA<PHhJRNKDh2uj;00000,0*5E
